[www.bobsrehabcentre.com/index.html]
[backblue.gif]
[fade.gif]
[index.html]
[www.bobsrehabcentre.com/assets/css/bootstrap.css]
[www.bobsrehabcentre.com/assets/css/style.css]
[www.bobsrehabcentre.com/assets/css/font-awesome.min.css]
[www.bobsrehabcentre.com/index-2.html]
[www.bobsrehabcentre.com/about.html]
[www.bobsrehabcentre.com/index-chinese.html]
[www.bobsrehabcentre.com/assets/img/portfolio/acupuncture.png]
[www.bobsrehabcentre.com/acupuncture.html]
[www.bobsrehabcentre.com/assets/img/portfolio/tuina.png]
[www.bobsrehabcentre.com/tuina.html]
[www.bobsrehabcentre.com/assets/img/portfolio/chm.png]
[www.bobsrehabcentre.com/chm.html]
[www.bobsrehabcentre.com/assets/img/portfolio/acupressure.png]
[www.bobsrehabcentre.com/acupressure.html]
[www.bobsrehabcentre.com/assets/img/portfolio/guasha.png]
[www.bobsrehabcentre.com/guasha.html]
[www.bobsrehabcentre.com/assets/img/portfolio/firecup.png]
[www.bobsrehabcentre.com/firecupping.html]
[www.bobsrehabcentre.com/assets/img/portfolio/rmt.png]
[www.bobsrehabcentre.com/rmt.html]
[www.bobsrehabcentre.com/assets/img/portfolio/other.png]
[www.bobsrehabcentre.com/other.html]
[cdnjs.cloudflare.com/ajax/libs/jquery-easing/1.3/jquery.easing.min.js]
[www.bobsrehabcentre.com/assets/js/bootstrap.min.js]
[www.bobsrehabcentre.com/assets/js/retina-1.1.0.js]
[www.bobsrehabcentre.com/assets/js/jquery.hoverdir.js]
[www.bobsrehabcentre.com/assets/js/jquery.hoverex.min.js]
[www.bobsrehabcentre.com/assets/js/jquery.prettyPhoto.js]
[www.bobsrehabcentre.com/assets/js/jquery.isotope.min.js]
[www.bobsrehabcentre.com/assets/js/custom.js]
[www.bobsrehabcentre.com/index.html]
[www.bobsrehabcentre.com/assets/ico/favicon.html]
[www.bobsrehabcentre.com/assets/fonts/glyphicons-halflings-regular.eot]
[www.bobsrehabcentre.com/assets/fonts/glyphicons-halflings-regular.woff]
[www.bobsrehabcentre.com/assets/fonts/glyphicons-halflings-regulard41d.eot]
[ajax.googleapis.com/ajax/libs/jquery/1.11.0/jquery.min.js]
[www.bobsrehabcentre.com/assets/fonts/glyphicons-halflings-regular.ttf]
[www.bobsrehabcentre.com/assets/fonts/glyphicons-halflings-regular.svg]
[www.bobsrehabcentre.com/assets/css/bootstrap.css]
[www.bobsrehabcentre.com/assets/css/prettyPhoto.css]
[www.bobsrehabcentre.com/assets/css/hoverex-all.css]
[www.bobsrehabcentre.com/assets/img/logo.png]
[www.bobsrehabcentre.com/assets/img/home-bg.jpg]
[www.bobsrehabcentre.com/assets/css/style.css]
[www.bobsrehabcentre.com/assets/fonts/fontawesome-webfontba72.eot]
[www.bobsrehabcentre.com/assets/fonts/fontawesome-webfontd41d.eot]
[www.bobsrehabcentre.com/assets/fonts/fontawesome-webfontba72.woff]
[www.bobsrehabcentre.com/assets/fonts/fontawesome-webfontba72.ttf]
[www.bobsrehabcentre.com/assets/fonts/fontawesome-webfontba72.svg]
[www.bobsrehabcentre.com/assets/css/font-awesome.min.css]
[www.bobsrehabcentre.com/assets/js/modernizr.html]
[www.bobsrehabcentre.com/index-2.html]
[www.bobsrehabcentre.com/assets/img/about.jpg]
[www.bobsrehabcentre.com/about.html]
[www.bobsrehabcentre.com/about-chinese.html]
[www.bobsrehabcentre.com/special.html]
[www.bobsrehabcentre.com/services-chinese.html]
[www.bobsrehabcentre.com/index-chinese.html]
[www.bobsrehabcentre.com/assets/img/portfolio/acupuncture01.jpg]
[www.bobsrehabcentre.com/assets/img/portfolio/acupuncture03.jpg]
[www.bobsrehabcentre.com/acupuncture.html]
[www.bobsrehabcentre.com/assets/img/portfolio/tuina01.jpg]
[www.bobsrehabcentre.com/assets/img/portfolio/tuina02.jpg]
[www.bobsrehabcentre.com/tuina.html]
[www.bobsrehabcentre.com/assets/img/portfolio/chm01.jpg]
[www.bobsrehabcentre.com/assets/img/portfolio/chm02.jpg]
[www.bobsrehabcentre.com/assets/img/portfolio/chm03.jpg]
[www.bobsrehabcentre.com/chm.html]
[www.bobsrehabcentre.com/assets/img/portfolio/acupressure01.jpg]
[www.bobsrehabcentre.com/assets/img/portfolio/acupressure02.jpg]
[www.bobsrehabcentre.com/acupressure.html]
[www.bobsrehabcentre.com/assets/img/portfolio/guasha01.jpg]
[www.bobsrehabcentre.com/assets/img/portfolio/guasha02.jpg]
[www.bobsrehabcentre.com/guasha.html]
[www.bobsrehabcentre.com/assets/img/portfolio/firecup01.jpg]
[www.bobsrehabcentre.com/assets/img/portfolio/firecup03.jpg]
[www.bobsrehabcentre.com/assets/img/portfolio/firecup02.jpg]
[www.bobsrehabcentre.com/firecupping.html]
[www.bobsrehabcentre.com/assets/img/portfolio/rmt02.jpg]
[www.bobsrehabcentre.com/rmt.html]
[www.bobsrehabcentre.com/other.html]
[www.bobsrehabcentre.com/assets/js/bootstrap.min.js]
[www.bobsrehabcentre.com/assets/js/retina-1.1.0.js]
[www.bobsrehabcentre.com/assets/js/jquery.hoverdir.js]
[www.bobsrehabcentre.com/assets/js/jquery.hoverex.min.js]
[www.bobsrehabcentre.com/assets/js/jquery.prettyPhoto.js]
[www.bobsrehabcentre.com/assets/js/jquery.isotope.min.js]
[www.bobsrehabcentre.com/assets/js/custom.js]
[www.bobsrehabcentre.com/assets/fonts/glyphicons-halflings-regular.svg]
[www.bobsrehabcentre.com/assets/css/images/prettyPhoto/default/sprite.png]
[www.bobsrehabcentre.com/assets/css/images/prettyPhoto/default/sprite_x.png]
[www.bobsrehabcentre.com/assets/css/images/prettyPhoto/default/sprite_y.png]
[www.bobsrehabcentre.com/assets/css/images/prettyPhoto/default/sprite_next.png]
[www.bobsrehabcentre.com/assets/css/images/prettyPhoto/default/sprite_prev.png]
[www.bobsrehabcentre.com/assets/css/images/prettyPhoto/default/default_thumb.png]
[www.bobsrehabcentre.com/assets/css/images/prettyPhoto/default/loader.gif]
[www.bobsrehabcentre.com/assets/css/images/prettyPhoto/light_rounded/sprite.png]
[www.bobsrehabcentre.com/assets/css/images/prettyPhoto/light_rounded/btnNext.png]
[www.bobsrehabcentre.com/assets/css/images/prettyPhoto/light_rounded/btnPrevious.png]
[www.bobsrehabcentre.com/assets/css/images/prettyPhoto/dark_rounded/sprite.png]
[www.bobsrehabcentre.com/assets/css/images/prettyPhoto/dark_rounded/contentPattern.png]
[www.bobsrehabcentre.com/assets/css/images/prettyPhoto/dark_rounded/btnNext.png]
[www.bobsrehabcentre.com/assets/css/images/prettyPhoto/dark_rounded/loader.gif]
[www.bobsrehabcentre.com/assets/css/images/prettyPhoto/dark_square/loader.gif]
[www.bobsrehabcentre.com/assets/css/images/prettyPhoto/dark_square/sprite.png]
[www.bobsrehabcentre.com/assets/css/images/prettyPhoto/dark_square/btnNext.png]
[www.bobsrehabcentre.com/assets/css/images/prettyPhoto/dark_square/btnPrevious.png]
[www.bobsrehabcentre.com/assets/css/images/prettyPhoto/light_square/sprite.png]
[www.bobsrehabcentre.com/assets/css/images/prettyPhoto/light_square/btnNext.png]
[www.bobsrehabcentre.com/assets/css/images/prettyPhoto/light_square/btnPrevious.png]
[www.bobsrehabcentre.com/assets/css/images/prettyPhoto/facebook/sprite.png]
[www.bobsrehabcentre.com/assets/css/images/prettyPhoto/facebook/contentPatternLeft.png]
[www.bobsrehabcentre.com/assets/css/images/prettyPhoto/facebook/contentPatternRight.png]
[www.bobsrehabcentre.com/assets/css/images/prettyPhoto/facebook/loader.gif]
[www.bobsrehabcentre.com/assets/css/images/prettyPhoto/facebook/btnNext.png]
[www.bobsrehabcentre.com/assets/css/images/prettyPhoto/facebook/btnPrevious.png]
[www.bobsrehabcentre.com/assets/css/images/prettyPhoto/facebook/contentPatternBottom.png]
[www.bobsrehabcentre.com/assets/css/images/prettyPhoto/facebook/default_thumbnail.gif]
[www.bobsrehabcentre.com/assets/css/images/prettyPhoto/light_rounded/loader.gif]
[www.bobsrehabcentre.com/assets/css/prettyPhoto.css]
[www.bobsrehabcentre.com/assets/css/hoverex-all.css]
[www.bobsrehabcentre.com/assets/img/contact.html]
[www.bobsrehabcentre.com/assets/fonts/fontawesome-webfontba72.svg]
[www.bobsrehabcentre.com/assets/img/about-chinese.jpg]
[www.bobsrehabcentre.com/about-chinese.html]
[www.bobsrehabcentre.com/assets/img/special-chinese.jpg]
[www.bobsrehabcentre.com/special.html]
[www.bobsrehabcentre.com/assets/img/services-chinese.jpg]
[www.bobsrehabcentre.com/services-chinese.html]
[www.bobsrehabcentre.com/assets/img/portfolio/acupuncture02.jpg]
[www.bobsrehabcentre.com/assets/img/portfolio/rmt01.html]
[www.bobsrehabcentre.com/HEAD.html]
[www.bobsrehabcentre.com/youtu.be/index.html]
[www.bobsrehabcentre.com/assets/css/images/prettyPhoto/dark_rounded/btnPrevious.png]
[www.bobsrehabcentre.com/assets/css/images/prettyPhoto/facebook/contentPatternTop.png]
[www.bobsrehabcentre.com/assets/images/nav.html]
[www.bobsrehabcentre.com/Popover requires tooltip.js]
